#-----------------------------------------------------------
# Vivado v2025.1 (64-bit)
# SW Build 6140274 on Thu May 22 00:12:29 MDT 2025
# IP Build 6138677 on Thu May 22 03:10:11 MDT 2025
# SharedData Build 6139179 on Tue May 20 17:58:58 MDT 2025
# Start of session at: Tue Oct 14 18:31:49 2025
# Process ID         : 25132
# Current directory  : C:/Users/Renedito/Documents/Faculdade/5 ano/CSR/CSR - Lab 3 - Part4/CSR - Lab 3 - Part4.runs/impl_1
# Command line       : vivado.exe -log CSR_Lab3_Part4.vdi -applog -product Vivado -messageDb vivado.pb -mode batch -source CSR_Lab3_Part4.tcl -notrace
# Log file           : C:/Users/Renedito/Documents/Faculdade/5 ano/CSR/CSR - Lab 3 - Part4/CSR - Lab 3 - Part4.runs/impl_1/CSR_Lab3_Part4.vdi
# Journal file       : C:/Users/Renedito/Documents/Faculdade/5 ano/CSR/CSR - Lab 3 - Part4/CSR - Lab 3 - Part4.runs/impl_1\vivado.jou
# Running On         : renedito
# Platform           : Windows Server 2016 or Windows 10
# Operating System   : 26100
# Processor Detail   : AMD Ryzen 5 5625U with Radeon Graphics         
# CPU Frequency      : 2296 MHz
# CPU Physical cores : 6
# CPU Logical cores  : 12
# Host memory        : 14870 MB
# Swap memory        : 12348 MB
# Total Virtual      : 27218 MB
# Available Virtual  : 7558 MB
#-----------------------------------------------------------
source CSR_Lab3_Part4.tcl -notrace
