#-----------------------------------------------------------
# Vivado v2025.1 (64-bit)
# SW Build 6140274 on Thu May 22 00:12:29 MDT 2025
# IP Build 6138677 on Thu May 22 03:10:11 MDT 2025
# SharedData Build 6139179 on Tue May 20 17:58:58 MDT 2025
# Start of session at: Tue Nov 25 18:27:39 2025
# Process ID         : 9308
# Current directory  : C:/Users/julio/OneDrive - FCT NOVA/Mestrado/5 ano/1º semestre/CSR/lab1/CSR_lab1/project_lab1_part3Vivado/project_petrinet.runs/synth_1
# Command line       : vivado.exe -log CSR_Lab3_Part4.vds -product Vivado -mode batch -messageDb vivado.pb -notrace -source CSR_Lab3_Part4.tcl
# Log file           : C:/Users/julio/OneDrive - FCT NOVA/Mestrado/5 ano/1º semestre/CSR/lab1/CSR_lab1/project_lab1_part3Vivado/project_petrinet.runs/synth_1/CSR_Lab3_Part4.vds
# Journal file       : C:/Users/julio/OneDrive - FCT NOVA/Mestrado/5 ano/1º semestre/CSR/lab1/CSR_lab1/project_lab1_part3Vivado/project_petrinet.runs/synth_1\vivado.jou
# Running On         : Tinkpad-do-Julinho
# Platform           : Windows Server 2016 or Windows 10
# Operating System   : 26100
# Processor Detail   : Intel(R) Core(TM) i5-8365U CPU @ 1.60GHz
# CPU Frequency      : 1896 MHz
# CPU Physical cores : 4
# CPU Logical cores  : 8
# Host memory        : 16950 MB
# Swap memory        : 1617 MB
# Total Virtual      : 18568 MB
# Available Virtual  : 8246 MB
#-----------------------------------------------------------
source CSR_Lab3_Part4.tcl -notrace
